True
2 5 2 3 9 3 6 8 6 5 4 3 9 5 7 1 2 2 3 8 8 8 5 4 7 1 4 4 1 4 
