True
7 9 5 6 5 2 1 5 5 4 4 1 3 1 4 3 3 1 3 2 3 4 4 8 1 4 2 1 
